#! /c/Source/iverilog-install/bin/vvp
:ivl_version "12.0 (devel)" "(s20150603-1539-g2693dd32b)";
:ivl_delay_selection "TYPICAL";
:vpi_time_precision - 12;
:vpi_module "C:\iverilog\lib\ivl\system.vpi";
:vpi_module "C:\iverilog\lib\ivl\vhdl_sys.vpi";
:vpi_module "C:\iverilog\lib\ivl\vhdl_textio.vpi";
:vpi_module "C:\iverilog\lib\ivl\v2005_math.vpi";
:vpi_module "C:\iverilog\lib\ivl\va_math.vpi";
S_0000017bc1c29570 .scope module, "if_stage_tb" "if_stage_tb" 2 2;
 .timescale -9 -12;
v0000017bc1c86af0_0 .var "clk", 0 0;
v0000017bc1c86c30_0 .net "current_pc", 31 0, L_0000017bc1c3b350;  1 drivers
v0000017bc1c86eb0_0 .net "instr", 31 0, L_0000017bc1c3b9e0;  1 drivers
v0000017bc1c86410_0 .var "rst_n", 0 0;
E_0000017bc1d0a880 .event posedge, v0000017bc1c3af90_0;
S_0000017bc1c29ad0 .scope module, "uut" "if_stage" 2 8, 3 2 0, S_0000017bc1c29570;
 .timescale -9 -12;
    .port_info 0 /INPUT 1 "clk";
    .port_info 1 /INPUT 1 "rst_n";
    .port_info 2 /OUTPUT 32 "instr";
    .port_info 3 /OUTPUT 32 "current_pc";
L_0000017bc1c3b350 .functor BUFZ 32, v0000017bc1d0e1c0_0, C4<00000000000000000000000000000000>, C4<00000000000000000000000000000000>, C4<00000000000000000000000000000000>;
L_0000017bc1c87018 .functor BUFT 1, C4<00000000000000000000000000000100>, C4<0>, C4<0>, C4<0>;
v0000017bc1d0e3a0_0 .net/2u *"_ivl_0", 31 0, L_0000017bc1c87018;  1 drivers
v0000017bc1d0e440_0 .net "clk", 0 0, v0000017bc1c86af0_0;  1 drivers
v0000017bc1c86cd0_0 .net "current_pc", 31 0, L_0000017bc1c3b350;  alias, 1 drivers
v0000017bc1c86d70_0 .net "instr", 31 0, L_0000017bc1c3b9e0;  alias, 1 drivers
v0000017bc1c86050_0 .net "pc", 31 0, v0000017bc1d0e1c0_0;  1 drivers
v0000017bc1c86f50_0 .net "pc_next", 31 0, L_0000017bc1c862d0;  1 drivers
v0000017bc1c86370_0 .net "rst_n", 0 0, v0000017bc1c86410_0;  1 drivers
L_0000017bc1c862d0 .arith/sum 32, v0000017bc1d0e1c0_0, L_0000017bc1c87018;
S_0000017bc1c29c60 .scope module, "u_imem" "instruction_memory" 3 20, 4 2 0, S_0000017bc1c29ad0;
 .timescale -9 -12;
    .port_info 0 /INPUT 32 "addr";
    .port_info 1 /OUTPUT 32 "rd";
P_0000017bc1c29360 .param/l "DEPTH" 0 4 4, +C4<00000000000000000000000100000000>;
P_0000017bc1c29398 .param/l "WIDTH" 0 4 3, +C4<00000000000000000000000000100000>;
L_0000017bc1c3b9e0 .functor BUFZ 32, L_0000017bc1c864b0, C4<00000000000000000000000000000000>, C4<00000000000000000000000000000000>, C4<00000000000000000000000000000000>;
v0000017bc1c28000_0 .net *"_ivl_0", 31 0, L_0000017bc1c864b0;  1 drivers
v0000017bc1c29700_0 .net *"_ivl_3", 29 0, L_0000017bc1c865f0;  1 drivers
v0000017bc1c3ac20_0 .net "addr", 31 0, v0000017bc1d0e1c0_0;  alias, 1 drivers
v0000017bc1c3acc0 .array "ram", 255 0, 31 0;
v0000017bc1c3ad60_0 .net "rd", 31 0, L_0000017bc1c3b9e0;  alias, 1 drivers
L_0000017bc1c864b0 .array/port v0000017bc1c3acc0, L_0000017bc1c865f0;
L_0000017bc1c865f0 .part v0000017bc1d0e1c0_0, 2, 30;
S_0000017bc1c3ae00 .scope module, "u_pc" "pc" 3 11, 5 2 0, S_0000017bc1c29ad0;
 .timescale -9 -12;
    .port_info 0 /INPUT 1 "clk";
    .port_info 1 /INPUT 1 "rst_n";
    .port_info 2 /INPUT 32 "pc_next";
    .port_info 3 /OUTPUT 32 "pc";
v0000017bc1c3af90_0 .net "clk", 0 0, v0000017bc1c86af0_0;  alias, 1 drivers
v0000017bc1d0e1c0_0 .var "pc", 31 0;
v0000017bc1d0e260_0 .net "pc_next", 31 0, L_0000017bc1c862d0;  alias, 1 drivers
v0000017bc1d0e300_0 .net "rst_n", 0 0, v0000017bc1c86410_0;  alias, 1 drivers
E_0000017bc1d0a700/0 .event negedge, v0000017bc1d0e300_0;
E_0000017bc1d0a700/1 .event posedge, v0000017bc1c3af90_0;
E_0000017bc1d0a700 .event/or E_0000017bc1d0a700/0, E_0000017bc1d0a700/1;
    .scope S_0000017bc1c3ae00;
T_0 ;
    %wait E_0000017bc1d0a700;
    %load/vec4 v0000017bc1d0e300_0;
    %nor/r;
    %flag_set/vec4 8;
    %jmp/0xz  T_0.0, 8;
    %pushi/vec4 0, 0, 32;
    %assign/vec4 v0000017bc1d0e1c0_0, 0;
    %jmp T_0.1;
T_0.0 ;
    %load/vec4 v0000017bc1d0e260_0;
    %assign/vec4 v0000017bc1d0e1c0_0, 0;
T_0.1 ;
    %jmp T_0;
    .thread T_0;
    .scope S_0000017bc1c29c60;
T_1 ;
    %vpi_call 4 12 "$readmemh", "memfile.dat", v0000017bc1c3acc0 {0 0 0};
    %end;
    .thread T_1;
    .scope S_0000017bc1c29570;
T_2 ;
    %pushi/vec4 0, 0, 1;
    %store/vec4 v0000017bc1c86af0_0, 0, 1;
T_2.0 ;
    %delay 5000, 0;
    %load/vec4 v0000017bc1c86af0_0;
    %inv;
    %store/vec4 v0000017bc1c86af0_0, 0, 1;
    %jmp T_2.0;
    %end;
    .thread T_2;
    .scope S_0000017bc1c29570;
T_3 ;
    %vpi_call 2 21 "$dumpfile", "if_stage.vcd" {0 0 0};
    %vpi_call 2 22 "$dumpvars", 32'sb00000000000000000000000000000000, S_0000017bc1c29570 {0 0 0};
    %end;
    .thread T_3;
    .scope S_0000017bc1c29570;
T_4 ;
    %pushi/vec4 0, 0, 1;
    %store/vec4 v0000017bc1c86410_0, 0, 1;
    %delay 10000, 0;
    %pushi/vec4 1, 0, 1;
    %store/vec4 v0000017bc1c86410_0, 0, 1;
    %vpi_call 2 29 "$display", "--- IF Stage Test ---" {0 0 0};
    %vpi_call 2 30 "$display", "Current PC: %h | Instr: %h", v0000017bc1c86c30_0, v0000017bc1c86eb0_0 {0 0 0};
    %pushi/vec4 5, 0, 32;
T_4.0 %dup/vec4;
    %pushi/vec4 0, 0, 32;
    %cmp/s;
    %jmp/1xz T_4.1, 5;
    %jmp/1 T_4.1, 4;
    %pushi/vec4 1, 0, 32;
    %sub;
    %wait E_0000017bc1d0a880;
    %delay 1000, 0;
    %vpi_call 2 35 "$display", "Current PC: %h | Instr: %h", v0000017bc1c86c30_0, v0000017bc1c86eb0_0 {0 0 0};
    %jmp T_4.0;
T_4.1 ;
    %pop/vec4 1;
    %delay 20000, 0;
    %vpi_call 2 39 "$finish" {0 0 0};
    %end;
    .thread T_4;
# The file index is used to find the file name in the following table.
:file_names 6;
    "N/A";
    "<interactive>";
    "if_stage_tb.v";
    "if_stage.v";
    "instruction_memory.v";
    "pc.v";
